// Jest Snapshot v1, https://goo.gl/fbAQLP

exports[`CurrencyOption should render currency option 1`] = `
Array [
  <div>
    <label
      htmlFor="some-label"
    >
      some label
      :
    </label>
    <select
      value="100"
    >
      <option>
        opt1
      </option>
      <option>
        opt2
      </option>
    </select>
  </div>,
]
`;